com\example\whitecommunity\dao\UserMessageSummaryDAO.class
com\example\whitecommunity\service\CaseCommentService.class
com\example\whitecommunity\dao\AnswerDAO.class
com\example\whitecommunity\pojo\UserEvalAnswer.class
com\example\whitecommunity\pojo\TagInfo.class
com\example\whitecommunity\dao\CaseCommentDAO.class
com\example\whitecommunity\dao\UserDAO.class
com\example\whitecommunity\controller\CaseCommentController.class
com\example\whitecommunity\service\UserService.class
com\example\whitecommunity\WhiteCommunityApplication.class
com\example\whitecommunity\controller\AnswerCommentController.class
com\example\whitecommunity\pojo\UserEvalQuestion.class
com\example\whitecommunity\pojo\UserRole.class
com\example\whitecommunity\service\ClassificationService.class
com\example\whitecommunity\service\TagCaseService.class
com\example\whitecommunity\controller\caseController.class
com\example\whitecommunity\dao\TagCaseDAO.class
com\example\whitecommunity\service\UserMessageSummaryService.class
com\example\whitecommunity\controller\UserController.class
com\example\whitecommunity\dao\UserEvalAnswerDAO.class
com\example\whitecommunity\controller\AnswerController.class
com\example\whitecommunity\dao\UserMessageDAO.class
com\example\whitecommunity\service\UserEvalAnswerService.class
com\example\whitecommunity\dao\UserPunishmentDAO.class
com\example\whitecommunity\service\UserMessageService.class
com\example\whitecommunity\controller\searchController.class
com\example\whitecommunity\dao\TagDAO.class
com\example\whitecommunity\dao\UserRoleDAO.class
com\example\whitecommunity\shiro\JwtDefaultSubjectFactory.class
com\example\whitecommunity\service\AnswerCommentService.class
com\example\whitecommunity\result\PageResult.class
com\example\whitecommunity\service\AnswerService.class
com\example\whitecommunity\dao\UserEvalAnswerCommentDAO.class
com\example\whitecommunity\pojo\UserMessageSummary.class
com\example\whitecommunity\service\SearchService.class
com\example\whitecommunity\service\UserFollowingService.class
com\example\whitecommunity\controller\ImageController.class
com\example\whitecommunity\pojo\UserFollowing.class
com\example\whitecommunity\result\Result.class
com\example\whitecommunity\realm\JwtRealm.class
com\example\whitecommunity\service\CaseService.class
com\example\whitecommunity\dao\AnswerCommentDAO.class
com\example\whitecommunity\dao\TagQuestionDAO.class
com\example\whitecommunity\service\UserEvalCaseCommentService.class
com\example\whitecommunity\service\UserPunishmentService.class
com\example\whitecommunity\service\TagQuestionService.class
com\example\whitecommunity\dao\UserFollowingDAO.class
com\example\whitecommunity\pojo\UserEvalCase.class
com\example\whitecommunity\config\ShiroConfig.class
com\example\whitecommunity\filter\JwtFilter.class
com\example\whitecommunity\pojo\UserPunishment.class
com\example\whitecommunity\pojo\QuestionInfo.class
com\example\whitecommunity\service\UserRoleService.class
com\example\whitecommunity\pojo\CaseInfo.class
com\example\whitecommunity\result\LoginResult.class
com\example\whitecommunity\pojo\TagCaseRelation.class
com\example\whitecommunity\controller\QuestionController.class
com\example\whitecommunity\dao\UserEvalCaseDAO.class
com\example\whitecommunity\utils\JwtUtils.class
com\example\whitecommunity\dao\QuestionDAO.class
com\example\whitecommunity\service\QuestionService.class
com\example\whitecommunity\shiro\JwtToken.class
com\example\whitecommunity\pojo\UserEvalCaseComment.class
com\example\whitecommunity\service\UserEvalAnswerCommentService.class
com\example\whitecommunity\pojo\CaseCommentInfo.class
com\example\whitecommunity\service\TagService.class
com\example\whitecommunity\pojo\AnswerCommentInfo.class
com\example\whitecommunity\service\UserEvalCaseService.class
com\example\whitecommunity\pojo\TagQuestionRelation.class
com\example\whitecommunity\service\UserEvalQuestionService.class
com\example\whitecommunity\filter\CrossOriginAnonymousFilter.class
com\example\whitecommunity\pojo\User.class
com\example\whitecommunity\pojo\AnswerInfo.class
com\example\whitecommunity\pojo\UserEvalAnswerComment.class
com\example\whitecommunity\dao\CaseDAO.class
com\example\whitecommunity\dao\UserEvalCaseCommentDAO.class
com\example\whitecommunity\dao\UserEvalQuestionDAO.class
com\example\whitecommunity\config\WebConfig.class
com\example\whitecommunity\config\RestTemplateConfig.class
com\example\whitecommunity\pojo\UserMessage.class
