E:\33875\Documents\我的大学\大三\大三上\软件工程与项目管理\Final Project\CS3604-1-group5\TechPrototype\code\src\main\java\com\example\whitecommunity\dao\QuestionDAO.java
E:\33875\Documents\我的大学\大三\大三上\软件工程与项目管理\Final Project\CS3604-1-group5\TechPrototype\code\src\main\java\com\example\whitecommunity\dao\UserMessageDAO.java
E:\33875\Documents\我的大学\大三\大三上\软件工程与项目管理\Final Project\CS3604-1-group5\TechPrototype\code\src\main\java\com\example\whitecommunity\realm\JwtRealm.java
E:\33875\Documents\我的大学\大三\大三上\软件工程与项目管理\Final Project\CS3604-1-group5\TechPrototype\code\src\main\java\com\example\whitecommunity\dao\UserEvalAnswerDAO.java
E:\33875\Documents\我的大学\大三\大三上\软件工程与项目管理\Final Project\CS3604-1-group5\TechPrototype\code\src\main\java\com\example\whitecommunity\controller\caseController.java
E:\33875\Documents\我的大学\大三\大三上\软件工程与项目管理\Final Project\CS3604-1-group5\TechPrototype\code\src\main\java\com\example\whitecommunity\dao\UserPunishmentDAO.java
E:\33875\Documents\我的大学\大三\大三上\软件工程与项目管理\Final Project\CS3604-1-group5\TechPrototype\code\src\main\java\com\example\whitecommunity\pojo\QuestionInfo.java
E:\33875\Documents\我的大学\大三\大三上\软件工程与项目管理\Final Project\CS3604-1-group5\TechPrototype\code\src\main\java\com\example\whitecommunity\service\UserEvalAnswerCommentService.java
E:\33875\Documents\我的大学\大三\大三上\软件工程与项目管理\Final Project\CS3604-1-group5\TechPrototype\code\src\main\java\com\example\whitecommunity\dao\AnswerCommentDAO.java
E:\33875\Documents\我的大学\大三\大三上\软件工程与项目管理\Final Project\CS3604-1-group5\TechPrototype\code\src\main\java\com\example\whitecommunity\pojo\UserFollowing.java
E:\33875\Documents\我的大学\大三\大三上\软件工程与项目管理\Final Project\CS3604-1-group5\TechPrototype\code\src\main\java\com\example\whitecommunity\service\UserEvalQuestionService.java
E:\33875\Documents\我的大学\大三\大三上\软件工程与项目管理\Final Project\CS3604-1-group5\TechPrototype\code\src\main\java\com\example\whitecommunity\dao\TagDAO.java
E:\33875\Documents\我的大学\大三\大三上\软件工程与项目管理\Final Project\CS3604-1-group5\TechPrototype\code\src\main\java\com\example\whitecommunity\WhiteCommunityApplication.java
E:\33875\Documents\我的大学\大三\大三上\软件工程与项目管理\Final Project\CS3604-1-group5\TechPrototype\code\src\main\java\com\example\whitecommunity\pojo\TagInfo.java
E:\33875\Documents\我的大学\大三\大三上\软件工程与项目管理\Final Project\CS3604-1-group5\TechPrototype\code\src\main\java\com\example\whitecommunity\shiro\JwtDefaultSubjectFactory.java
E:\33875\Documents\我的大学\大三\大三上\软件工程与项目管理\Final Project\CS3604-1-group5\TechPrototype\code\src\main\java\com\example\whitecommunity\pojo\AnswerInfo.java
E:\33875\Documents\我的大学\大三\大三上\软件工程与项目管理\Final Project\CS3604-1-group5\TechPrototype\code\src\main\java\com\example\whitecommunity\service\UserFollowingService.java
E:\33875\Documents\我的大学\大三\大三上\软件工程与项目管理\Final Project\CS3604-1-group5\TechPrototype\code\src\main\java\com\example\whitecommunity\dao\CaseDAO.java
E:\33875\Documents\我的大学\大三\大三上\软件工程与项目管理\Final Project\CS3604-1-group5\TechPrototype\code\src\main\java\com\example\whitecommunity\service\AnswerService.java
E:\33875\Documents\我的大学\大三\大三上\软件工程与项目管理\Final Project\CS3604-1-group5\TechPrototype\code\src\main\java\com\example\whitecommunity\config\WebConfig.java
E:\33875\Documents\我的大学\大三\大三上\软件工程与项目管理\Final Project\CS3604-1-group5\TechPrototype\code\src\main\java\com\example\whitecommunity\dao\TagCaseDAO.java
E:\33875\Documents\我的大学\大三\大三上\软件工程与项目管理\Final Project\CS3604-1-group5\TechPrototype\code\src\main\java\com\example\whitecommunity\controller\AnswerController.java
E:\33875\Documents\我的大学\大三\大三上\软件工程与项目管理\Final Project\CS3604-1-group5\TechPrototype\code\src\main\java\com\example\whitecommunity\controller\AnswerCommentController.java
E:\33875\Documents\我的大学\大三\大三上\软件工程与项目管理\Final Project\CS3604-1-group5\TechPrototype\code\src\main\java\com\example\whitecommunity\pojo\UserEvalCase.java
E:\33875\Documents\我的大学\大三\大三上\软件工程与项目管理\Final Project\CS3604-1-group5\TechPrototype\code\src\main\java\com\example\whitecommunity\dao\UserDAO.java
E:\33875\Documents\我的大学\大三\大三上\软件工程与项目管理\Final Project\CS3604-1-group5\TechPrototype\code\src\main\java\com\example\whitecommunity\dao\UserEvalCaseCommentDAO.java
E:\33875\Documents\我的大学\大三\大三上\软件工程与项目管理\Final Project\CS3604-1-group5\TechPrototype\code\src\main\java\com\example\whitecommunity\service\UserMessageService.java
E:\33875\Documents\我的大学\大三\大三上\软件工程与项目管理\Final Project\CS3604-1-group5\TechPrototype\code\src\main\java\com\example\whitecommunity\service\CaseCommentService.java
E:\33875\Documents\我的大学\大三\大三上\软件工程与项目管理\Final Project\CS3604-1-group5\TechPrototype\code\src\main\java\com\example\whitecommunity\dao\TagQuestionDAO.java
E:\33875\Documents\我的大学\大三\大三上\软件工程与项目管理\Final Project\CS3604-1-group5\TechPrototype\code\src\main\java\com\example\whitecommunity\service\CaseService.java
E:\33875\Documents\我的大学\大三\大三上\软件工程与项目管理\Final Project\CS3604-1-group5\TechPrototype\code\src\main\java\com\example\whitecommunity\dao\UserRoleDAO.java
E:\33875\Documents\我的大学\大三\大三上\软件工程与项目管理\Final Project\CS3604-1-group5\TechPrototype\code\src\main\java\com\example\whitecommunity\service\AnswerCommentService.java
E:\33875\Documents\我的大学\大三\大三上\软件工程与项目管理\Final Project\CS3604-1-group5\TechPrototype\code\src\main\java\com\example\whitecommunity\controller\searchController.java
E:\33875\Documents\我的大学\大三\大三上\软件工程与项目管理\Final Project\CS3604-1-group5\TechPrototype\code\src\main\java\com\example\whitecommunity\dao\UserEvalQuestionDAO.java
E:\33875\Documents\我的大学\大三\大三上\软件工程与项目管理\Final Project\CS3604-1-group5\TechPrototype\code\src\main\java\com\example\whitecommunity\service\UserEvalAnswerService.java
E:\33875\Documents\我的大学\大三\大三上\软件工程与项目管理\Final Project\CS3604-1-group5\TechPrototype\code\src\main\java\com\example\whitecommunity\config\ShiroConfig.java
E:\33875\Documents\我的大学\大三\大三上\软件工程与项目管理\Final Project\CS3604-1-group5\TechPrototype\code\src\main\java\com\example\whitecommunity\pojo\UserPunishment.java
E:\33875\Documents\我的大学\大三\大三上\软件工程与项目管理\Final Project\CS3604-1-group5\TechPrototype\code\src\main\java\com\example\whitecommunity\service\UserPunishmentService.java
E:\33875\Documents\我的大学\大三\大三上\软件工程与项目管理\Final Project\CS3604-1-group5\TechPrototype\code\src\main\java\com\example\whitecommunity\dao\UserMessageSummaryDAO.java
E:\33875\Documents\我的大学\大三\大三上\软件工程与项目管理\Final Project\CS3604-1-group5\TechPrototype\code\src\main\java\com\example\whitecommunity\service\QuestionService.java
E:\33875\Documents\我的大学\大三\大三上\软件工程与项目管理\Final Project\CS3604-1-group5\TechPrototype\code\src\main\java\com\example\whitecommunity\pojo\TagQuestionRelation.java
E:\33875\Documents\我的大学\大三\大三上\软件工程与项目管理\Final Project\CS3604-1-group5\TechPrototype\code\src\main\java\com\example\whitecommunity\filter\JwtFilter.java
E:\33875\Documents\我的大学\大三\大三上\软件工程与项目管理\Final Project\CS3604-1-group5\TechPrototype\code\src\main\java\com\example\whitecommunity\service\TagQuestionService.java
E:\33875\Documents\我的大学\大三\大三上\软件工程与项目管理\Final Project\CS3604-1-group5\TechPrototype\code\src\main\java\com\example\whitecommunity\service\UserMessageSummaryService.java
E:\33875\Documents\我的大学\大三\大三上\软件工程与项目管理\Final Project\CS3604-1-group5\TechPrototype\code\src\main\java\com\example\whitecommunity\controller\QuestionController.java
E:\33875\Documents\我的大学\大三\大三上\软件工程与项目管理\Final Project\CS3604-1-group5\TechPrototype\code\src\main\java\com\example\whitecommunity\pojo\UserRole.java
E:\33875\Documents\我的大学\大三\大三上\软件工程与项目管理\Final Project\CS3604-1-group5\TechPrototype\code\src\main\java\com\example\whitecommunity\dao\UserFollowingDAO.java
E:\33875\Documents\我的大学\大三\大三上\软件工程与项目管理\Final Project\CS3604-1-group5\TechPrototype\code\src\main\java\com\example\whitecommunity\pojo\TagCaseRelation.java
E:\33875\Documents\我的大学\大三\大三上\软件工程与项目管理\Final Project\CS3604-1-group5\TechPrototype\code\src\main\java\com\example\whitecommunity\service\TagService.java
E:\33875\Documents\我的大学\大三\大三上\软件工程与项目管理\Final Project\CS3604-1-group5\TechPrototype\code\src\main\java\com\example\whitecommunity\service\UserEvalCaseService.java
E:\33875\Documents\我的大学\大三\大三上\软件工程与项目管理\Final Project\CS3604-1-group5\TechPrototype\code\src\main\java\com\example\whitecommunity\pojo\User.java
E:\33875\Documents\我的大学\大三\大三上\软件工程与项目管理\Final Project\CS3604-1-group5\TechPrototype\code\src\main\java\com\example\whitecommunity\service\ClassificationService.java
E:\33875\Documents\我的大学\大三\大三上\软件工程与项目管理\Final Project\CS3604-1-group5\TechPrototype\code\src\main\java\com\example\whitecommunity\service\UserRoleService.java
E:\33875\Documents\我的大学\大三\大三上\软件工程与项目管理\Final Project\CS3604-1-group5\TechPrototype\code\src\main\java\com\example\whitecommunity\pojo\CaseCommentInfo.java
E:\33875\Documents\我的大学\大三\大三上\软件工程与项目管理\Final Project\CS3604-1-group5\TechPrototype\code\src\main\java\com\example\whitecommunity\result\Result.java
E:\33875\Documents\我的大学\大三\大三上\软件工程与项目管理\Final Project\CS3604-1-group5\TechPrototype\code\src\main\java\com\example\whitecommunity\pojo\UserEvalAnswerComment.java
E:\33875\Documents\我的大学\大三\大三上\软件工程与项目管理\Final Project\CS3604-1-group5\TechPrototype\code\src\main\java\com\example\whitecommunity\pojo\UserMessageSummary.java
E:\33875\Documents\我的大学\大三\大三上\软件工程与项目管理\Final Project\CS3604-1-group5\TechPrototype\code\src\main\java\com\example\whitecommunity\result\LoginResult.java
E:\33875\Documents\我的大学\大三\大三上\软件工程与项目管理\Final Project\CS3604-1-group5\TechPrototype\code\src\main\java\com\example\whitecommunity\pojo\UserEvalQuestion.java
E:\33875\Documents\我的大学\大三\大三上\软件工程与项目管理\Final Project\CS3604-1-group5\TechPrototype\code\src\main\java\com\example\whitecommunity\config\RestTemplateConfig.java
E:\33875\Documents\我的大学\大三\大三上\软件工程与项目管理\Final Project\CS3604-1-group5\TechPrototype\code\src\main\java\com\example\whitecommunity\pojo\CaseInfo.java
E:\33875\Documents\我的大学\大三\大三上\软件工程与项目管理\Final Project\CS3604-1-group5\TechPrototype\code\src\main\java\com\example\whitecommunity\controller\UserController.java
E:\33875\Documents\我的大学\大三\大三上\软件工程与项目管理\Final Project\CS3604-1-group5\TechPrototype\code\src\main\java\com\example\whitecommunity\dao\CaseCommentDAO.java
E:\33875\Documents\我的大学\大三\大三上\软件工程与项目管理\Final Project\CS3604-1-group5\TechPrototype\code\src\main\java\com\example\whitecommunity\filter\CrossOriginAnonymousFilter.java
E:\33875\Documents\我的大学\大三\大三上\软件工程与项目管理\Final Project\CS3604-1-group5\TechPrototype\code\src\main\java\com\example\whitecommunity\pojo\UserEvalCaseComment.java
E:\33875\Documents\我的大学\大三\大三上\软件工程与项目管理\Final Project\CS3604-1-group5\TechPrototype\code\src\main\java\com\example\whitecommunity\controller\ImageController.java
E:\33875\Documents\我的大学\大三\大三上\软件工程与项目管理\Final Project\CS3604-1-group5\TechPrototype\code\src\main\java\com\example\whitecommunity\pojo\UserEvalAnswer.java
E:\33875\Documents\我的大学\大三\大三上\软件工程与项目管理\Final Project\CS3604-1-group5\TechPrototype\code\src\main\java\com\example\whitecommunity\pojo\AnswerCommentInfo.java
E:\33875\Documents\我的大学\大三\大三上\软件工程与项目管理\Final Project\CS3604-1-group5\TechPrototype\code\src\main\java\com\example\whitecommunity\service\TagCaseService.java
E:\33875\Documents\我的大学\大三\大三上\软件工程与项目管理\Final Project\CS3604-1-group5\TechPrototype\code\src\main\java\com\example\whitecommunity\dao\AnswerDAO.java
E:\33875\Documents\我的大学\大三\大三上\软件工程与项目管理\Final Project\CS3604-1-group5\TechPrototype\code\src\main\java\com\example\whitecommunity\service\UserEvalCaseCommentService.java
E:\33875\Documents\我的大学\大三\大三上\软件工程与项目管理\Final Project\CS3604-1-group5\TechPrototype\code\src\main\java\com\example\whitecommunity\utils\JwtUtils.java
E:\33875\Documents\我的大学\大三\大三上\软件工程与项目管理\Final Project\CS3604-1-group5\TechPrototype\code\src\main\java\com\example\whitecommunity\result\PageResult.java
E:\33875\Documents\我的大学\大三\大三上\软件工程与项目管理\Final Project\CS3604-1-group5\TechPrototype\code\src\main\java\com\example\whitecommunity\controller\CaseCommentController.java
E:\33875\Documents\我的大学\大三\大三上\软件工程与项目管理\Final Project\CS3604-1-group5\TechPrototype\code\src\main\java\com\example\whitecommunity\service\SearchService.java
E:\33875\Documents\我的大学\大三\大三上\软件工程与项目管理\Final Project\CS3604-1-group5\TechPrototype\code\src\main\java\com\example\whitecommunity\service\UserService.java
E:\33875\Documents\我的大学\大三\大三上\软件工程与项目管理\Final Project\CS3604-1-group5\TechPrototype\code\src\main\java\com\example\whitecommunity\dao\UserEvalAnswerCommentDAO.java
E:\33875\Documents\我的大学\大三\大三上\软件工程与项目管理\Final Project\CS3604-1-group5\TechPrototype\code\src\main\java\com\example\whitecommunity\dao\UserEvalCaseDAO.java
E:\33875\Documents\我的大学\大三\大三上\软件工程与项目管理\Final Project\CS3604-1-group5\TechPrototype\code\src\main\java\com\example\whitecommunity\pojo\UserMessage.java
E:\33875\Documents\我的大学\大三\大三上\软件工程与项目管理\Final Project\CS3604-1-group5\TechPrototype\code\src\main\java\com\example\whitecommunity\shiro\JwtToken.java
